---
source: crates/sui/tests/ptb_files_tests.rs
expression: "results.join(\"\\n\")"
---
 === PREVIEW === 
╭────────────────────────────────────────────────────────────────────╮
│ PTB Preview                                                        │
├────────────┬───────────────────────────────────────────┬───────────┤
│ command    │ from                                      │ value(s)  │
├────────────┼───────────────────────────────────────────┼───────────┤
│ assign     │ tests/ptb_files/assign/assign_invalid.ptb │ a         │
│ assign     │ tests/ptb_files/assign/assign_invalid.ptb │ b 3       │
│ assign     │ tests/ptb_files/assign/assign_invalid.ptb │ c         │
│ assign     │ tests/ptb_files/assign/assign_invalid.ptb │ d         │
│ assign     │ tests/ptb_files/assign/assign_invalid.ptb │ a b c     │
│ assign     │ tests/ptb_files/assign/assign_invalid.ptb │ a b c e f │
│ assign     │ tests/ptb_files/assign/assign_invalid.ptb │ gas 1     │
│ assign     │ tests/ptb_files/assign/assign_invalid.ptb │ none 2    │
│ assign     │ tests/ptb_files/assign/assign_invalid.ptb │ a         │
│ assign     │ tests/ptb_files/assign/assign_invalid.ptb │ b 3       │
│ assign     │ tests/ptb_files/assign/assign_invalid.ptb │ c         │
│ assign     │ tests/ptb_files/assign/assign_invalid.ptb │ d         │
│ assign     │ tests/ptb_files/assign/assign_invalid.ptb │ a b c     │
│ assign     │ tests/ptb_files/assign/assign_invalid.ptb │ a b c e f │
│ assign     │ tests/ptb_files/assign/assign_invalid.ptb │ gas 1     │
│ assign     │ tests/ptb_files/assign/assign_invalid.ptb │ none 2    │
│ gas_budget │ tests/ptb_files/assign/assign_invalid.ptb │ 1         │
│ preview    │ console                                   │ true      │
╰────────────┴───────────────────────────────────────────┴───────────╯
 === ERRORS AFTER PARSING INPUT COMMANDS === 
  × Error at command 4 in PTB file 'tests/ptb_files/assign/assign_invalid.ptb'
   ╭────
 1 │ assign a b c 
   · ───┬──
   ·    ╰── Invalid number of arguments: 'assign' expected 1 to 2 arguments but got 3
   ╰────

  × Error at command 5 in PTB file 'tests/ptb_files/assign/assign_invalid.ptb'
   ╭────
 1 │ assign a b c e f 
   · ───┬──
   ·    ╰── Invalid number of arguments: 'assign' expected 1 to 2 arguments but got 5
   ╰────

  × Error at command 6 in PTB file 'tests/ptb_files/assign/assign_invalid.ptb'
   ╭────
 1 │ assign gas 1 
   ·        ─┬─
   ·         ╰── Expected variable binding
   ╰────

  × Error at command 7 in PTB file 'tests/ptb_files/assign/assign_invalid.ptb'
   ╭────
 1 │ assign none 2 
   ·        ──┬─
   ·          ╰── Expected variable binding
   ╰────

  × Error at command 12 in PTB file 'tests/ptb_files/assign/
  │ assign_invalid.ptb'
   ╭────
 1 │ assign a b c 
   · ───┬──
   ·    ╰── Invalid number of arguments: 'assign' expected 1 to 2 arguments but got 3
   ╰────

  × Error at command 13 in PTB file 'tests/ptb_files/assign/
  │ assign_invalid.ptb'
   ╭────
 1 │ assign a b c e f 
   · ───┬──
   ·    ╰── Invalid number of arguments: 'assign' expected 1 to 2 arguments but got 5
   ╰────

  × Error at command 14 in PTB file 'tests/ptb_files/assign/
  │ assign_invalid.ptb'
   ╭────
 1 │ assign gas 1 
   ·        ─┬─
   ·         ╰── Expected variable binding
   ╰────

  × Error at command 15 in PTB file 'tests/ptb_files/assign/
  │ assign_invalid.ptb'
   ╭────
 1 │ assign none 2 
   ·        ──┬─
   ·          ╰── Expected variable binding
   ╰────

