---
source: crates/sui/tests/ptb_files_tests.rs
expression: "results.join(\"\\n\")"
---
 === PREVIEW === 
╭──────────────────────────────────────────────────────────────────╮
│ PTB Preview                                                      │
├────────────┬────────────────────────────────────────┬────────────┤
│ command    │ from                                   │ value(s)   │
├────────────┼────────────────────────────────────────┼────────────┤
│ gas_budget │ tests/ptb_files/file/include_empty.ptb │ 1000000000 │
│ preview    │ console                                │ true       │
╰────────────┴────────────────────────────────────────┴────────────╯
 === PARSED INPUT COMMANDS === 
cmd: GasBudget(Spanned { span: Span { start: 0, end: 10, arg_idx: 0, file_scope: FileScope { file_command_index: 1, name: "tests/ptb_files/file/include_empty.ptb", name_index: 0 } }, value: 1000000000 })
cmd: Preview(Spanned { span: Span { start: 0, end: 4, arg_idx: 0, file_scope: FileScope { file_command_index: 1, name: "console", name_index: 0 } }, value: Bool(true) })
 === BUILT PTB === 
