---
source: crates/sui/tests/ptb_files_tests.rs
expression: "results.join(\"\\n\")"
---
 === PREVIEW === 
╭──────────────────────────────────────────────────────────────────────────────────────────────────────────────────────────────────────────────────────────────────────╮
│ PTB Preview                                                                                                                                                          │
├───────────────┬─────────────────────────────────────────────────┬────────────────────────────────────────────────────────────────────────────────────────────────────┤
│ command       │ from                                            │ value(s)                                                                                           │
├───────────────┼─────────────────────────────────────────────────┼────────────────────────────────────────────────────────────────────────────────────────────────────┤
│ assign        │ tests/ptb_files/parsing/whitespace_handling.ptb │ x vector[1,               2,       3,4                        ]                                    │
│ assign        │ tests/ptb_files/parsing/whitespace_handling.ptb │ x vector[1,               2,       3,4                        ]                                    │
│ assign        │ tests/ptb_files/parsing/whitespace_handling.ptb │ x vector['1',               '2,       3','','4                        ']                           │
│ assign        │ tests/ptb_files/parsing/whitespace_handling.ptb │ x vector['1',               '2,       3','','4                                    ']               │
│ make_move_vec │ tests/ptb_files/parsing/whitespace_handling.ptb │ <u16> [1,               2,       3,4                        ]                                      │
│ make_move_vec │ tests/ptb_files/parsing/whitespace_handling.ptb │ <sui::string::String> [1,               2,       3,4                        ]                      │
│ make_move_vec │ tests/ptb_files/parsing/whitespace_handling.ptb │ <sui::string::String> ['1',               '2,       3','','4                        ']             │
│ make_move_vec │ tests/ptb_files/parsing/whitespace_handling.ptb │ <sui::string::String> ['1',               '2,       3','','4                                    '] │
│ gas_budget    │ tests/ptb_files/parsing/whitespace_handling.ptb │ 100                                                                                                │
│ preview       │ console                                         │ true                                                                                               │
╰───────────────┴─────────────────────────────────────────────────┴────────────────────────────────────────────────────────────────────────────────────────────────────╯
 === PARSED INPUT COMMANDS === 
cmd: Assign(Spanned { span: Span { start: 0, end: 1, arg_idx: 0, file_scope: FileScope { file_command_index: 0, name: "tests/ptb_files/parsing/whitespace_handling.ptb", name_index: 0 } }, value: "x" }, Some(Spanned { span: Span { start: 6, end: 61, arg_idx: 1, file_scope: FileScope { file_command_index: 0, name: "tests/ptb_files/parsing/whitespace_handling.ptb", name_index: 0 } }, value: Vector([Spanned { span: Span { start: 7, end: 8, arg_idx: 1, file_scope: FileScope { file_command_index: 0, name: "tests/ptb_files/parsing/whitespace_handling.ptb", name_index: 0 } }, value: U64(1) }, Spanned { span: Span { start: 24, end: 25, arg_idx: 1, file_scope: FileScope { file_command_index: 0, name: "tests/ptb_files/parsing/whitespace_handling.ptb", name_index: 0 } }, value: U64(2) }, Spanned { span: Span { start: 33, end: 34, arg_idx: 1, file_scope: FileScope { file_command_index: 0, name: "tests/ptb_files/parsing/whitespace_handling.ptb", name_index: 0 } }, value: U64(3) }, Spanned { span: Span { start: 35, end: 36, arg_idx: 1, file_scope: FileScope { file_command_index: 0, name: "tests/ptb_files/parsing/whitespace_handling.ptb", name_index: 0 } }, value: U64(4) }]) }))
cmd: Assign(Spanned { span: Span { start: 0, end: 1, arg_idx: 0, file_scope: FileScope { file_command_index: 1, name: "tests/ptb_files/parsing/whitespace_handling.ptb", name_index: 0 } }, value: "x" }, Some(Spanned { span: Span { start: 6, end: 61, arg_idx: 1, file_scope: FileScope { file_command_index: 1, name: "tests/ptb_files/parsing/whitespace_handling.ptb", name_index: 0 } }, value: Vector([Spanned { span: Span { start: 7, end: 8, arg_idx: 1, file_scope: FileScope { file_command_index: 1, name: "tests/ptb_files/parsing/whitespace_handling.ptb", name_index: 0 } }, value: U64(1) }, Spanned { span: Span { start: 24, end: 25, arg_idx: 1, file_scope: FileScope { file_command_index: 1, name: "tests/ptb_files/parsing/whitespace_handling.ptb", name_index: 0 } }, value: U64(2) }, Spanned { span: Span { start: 33, end: 34, arg_idx: 1, file_scope: FileScope { file_command_index: 1, name: "tests/ptb_files/parsing/whitespace_handling.ptb", name_index: 0 } }, value: U64(3) }, Spanned { span: Span { start: 35, end: 36, arg_idx: 1, file_scope: FileScope { file_command_index: 1, name: "tests/ptb_files/parsing/whitespace_handling.ptb", name_index: 0 } }, value: U64(4) }]) }))
cmd: Assign(Spanned { span: Span { start: 0, end: 1, arg_idx: 0, file_scope: FileScope { file_command_index: 2, name: "tests/ptb_files/parsing/whitespace_handling.ptb", name_index: 0 } }, value: "x" }, Some(Spanned { span: Span { start: 6, end: 70, arg_idx: 1, file_scope: FileScope { file_command_index: 2, name: "tests/ptb_files/parsing/whitespace_handling.ptb", name_index: 0 } }, value: Vector([Spanned { span: Span { start: 7, end: 10, arg_idx: 1, file_scope: FileScope { file_command_index: 2, name: "tests/ptb_files/parsing/whitespace_handling.ptb", name_index: 0 } }, value: String("'1'") }, Spanned { span: Span { start: 26, end: 38, arg_idx: 1, file_scope: FileScope { file_command_index: 2, name: "tests/ptb_files/parsing/whitespace_handling.ptb", name_index: 0 } }, value: String("'2,       3'") }, Spanned { span: Span { start: 39, end: 41, arg_idx: 1, file_scope: FileScope { file_command_index: 2, name: "tests/ptb_files/parsing/whitespace_handling.ptb", name_index: 0 } }, value: String("''") }, Spanned { span: Span { start: 42, end: 69, arg_idx: 1, file_scope: FileScope { file_command_index: 2, name: "tests/ptb_files/parsing/whitespace_handling.ptb", name_index: 0 } }, value: String("'4                        '") }]) }))
cmd: Assign(Spanned { span: Span { start: 0, end: 1, arg_idx: 0, file_scope: FileScope { file_command_index: 3, name: "tests/ptb_files/parsing/whitespace_handling.ptb", name_index: 0 } }, value: "x" }, Some(Spanned { span: Span { start: 6, end: 82, arg_idx: 1, file_scope: FileScope { file_command_index: 3, name: "tests/ptb_files/parsing/whitespace_handling.ptb", name_index: 0 } }, value: Vector([Spanned { span: Span { start: 7, end: 10, arg_idx: 1, file_scope: FileScope { file_command_index: 3, name: "tests/ptb_files/parsing/whitespace_handling.ptb", name_index: 0 } }, value: String("'1'") }, Spanned { span: Span { start: 26, end: 38, arg_idx: 1, file_scope: FileScope { file_command_index: 3, name: "tests/ptb_files/parsing/whitespace_handling.ptb", name_index: 0 } }, value: String("'2,       3'") }, Spanned { span: Span { start: 39, end: 41, arg_idx: 1, file_scope: FileScope { file_command_index: 3, name: "tests/ptb_files/parsing/whitespace_handling.ptb", name_index: 0 } }, value: String("''") }, Spanned { span: Span { start: 42, end: 81, arg_idx: 1, file_scope: FileScope { file_command_index: 3, name: "tests/ptb_files/parsing/whitespace_handling.ptb", name_index: 0 } }, value: String("'4                                    '") }]) }))
cmd: MakeMoveVec(Spanned { span: Span { start: 0, end: 5, arg_idx: 0, file_scope: FileScope { file_command_index: 4, name: "tests/ptb_files/parsing/whitespace_handling.ptb", name_index: 0 } }, value: U16 }, Spanned { span: Span { start: 0, end: 55, arg_idx: 1, file_scope: FileScope { file_command_index: 4, name: "tests/ptb_files/parsing/whitespace_handling.ptb", name_index: 0 } }, value: [Spanned { span: Span { start: 1, end: 2, arg_idx: 1, file_scope: FileScope { file_command_index: 4, name: "tests/ptb_files/parsing/whitespace_handling.ptb", name_index: 0 } }, value: U64(1) }, Spanned { span: Span { start: 18, end: 19, arg_idx: 1, file_scope: FileScope { file_command_index: 4, name: "tests/ptb_files/parsing/whitespace_handling.ptb", name_index: 0 } }, value: U64(2) }, Spanned { span: Span { start: 27, end: 28, arg_idx: 1, file_scope: FileScope { file_command_index: 4, name: "tests/ptb_files/parsing/whitespace_handling.ptb", name_index: 0 } }, value: U64(3) }, Spanned { span: Span { start: 29, end: 30, arg_idx: 1, file_scope: FileScope { file_command_index: 4, name: "tests/ptb_files/parsing/whitespace_handling.ptb", name_index: 0 } }, value: U64(4) }] })
cmd: MakeMoveVec(Spanned { span: Span { start: 0, end: 21, arg_idx: 0, file_scope: FileScope { file_command_index: 5, name: "tests/ptb_files/parsing/whitespace_handling.ptb", name_index: 0 } }, value: Struct(ParsedStructType { fq_name: ParsedFqName { module: ParsedModuleId { address: Named("sui"), name: "string" }, name: "String" }, type_args: [] }) }, Spanned { span: Span { start: 0, end: 55, arg_idx: 1, file_scope: FileScope { file_command_index: 5, name: "tests/ptb_files/parsing/whitespace_handling.ptb", name_index: 0 } }, value: [Spanned { span: Span { start: 1, end: 2, arg_idx: 1, file_scope: FileScope { file_command_index: 5, name: "tests/ptb_files/parsing/whitespace_handling.ptb", name_index: 0 } }, value: U64(1) }, Spanned { span: Span { start: 18, end: 19, arg_idx: 1, file_scope: FileScope { file_command_index: 5, name: "tests/ptb_files/parsing/whitespace_handling.ptb", name_index: 0 } }, value: U64(2) }, Spanned { span: Span { start: 27, end: 28, arg_idx: 1, file_scope: FileScope { file_command_index: 5, name: "tests/ptb_files/parsing/whitespace_handling.ptb", name_index: 0 } }, value: U64(3) }, Spanned { span: Span { start: 29, end: 30, arg_idx: 1, file_scope: FileScope { file_command_index: 5, name: "tests/ptb_files/parsing/whitespace_handling.ptb", name_index: 0 } }, value: U64(4) }] })
cmd: MakeMoveVec(Spanned { span: Span { start: 0, end: 21, arg_idx: 0, file_scope: FileScope { file_command_index: 6, name: "tests/ptb_files/parsing/whitespace_handling.ptb", name_index: 0 } }, value: Struct(ParsedStructType { fq_name: ParsedFqName { module: ParsedModuleId { address: Named("sui"), name: "string" }, name: "String" }, type_args: [] }) }, Spanned { span: Span { start: 0, end: 64, arg_idx: 1, file_scope: FileScope { file_command_index: 6, name: "tests/ptb_files/parsing/whitespace_handling.ptb", name_index: 0 } }, value: [Spanned { span: Span { start: 1, end: 4, arg_idx: 1, file_scope: FileScope { file_command_index: 6, name: "tests/ptb_files/parsing/whitespace_handling.ptb", name_index: 0 } }, value: String("'1'") }, Spanned { span: Span { start: 20, end: 32, arg_idx: 1, file_scope: FileScope { file_command_index: 6, name: "tests/ptb_files/parsing/whitespace_handling.ptb", name_index: 0 } }, value: String("'2,       3'") }, Spanned { span: Span { start: 33, end: 35, arg_idx: 1, file_scope: FileScope { file_command_index: 6, name: "tests/ptb_files/parsing/whitespace_handling.ptb", name_index: 0 } }, value: String("''") }, Spanned { span: Span { start: 36, end: 63, arg_idx: 1, file_scope: FileScope { file_command_index: 6, name: "tests/ptb_files/parsing/whitespace_handling.ptb", name_index: 0 } }, value: String("'4                        '") }] })
cmd: MakeMoveVec(Spanned { span: Span { start: 0, end: 21, arg_idx: 0, file_scope: FileScope { file_command_index: 7, name: "tests/ptb_files/parsing/whitespace_handling.ptb", name_index: 0 } }, value: Struct(ParsedStructType { fq_name: ParsedFqName { module: ParsedModuleId { address: Named("sui"), name: "string" }, name: "String" }, type_args: [] }) }, Spanned { span: Span { start: 0, end: 76, arg_idx: 1, file_scope: FileScope { file_command_index: 7, name: "tests/ptb_files/parsing/whitespace_handling.ptb", name_index: 0 } }, value: [Spanned { span: Span { start: 1, end: 4, arg_idx: 1, file_scope: FileScope { file_command_index: 7, name: "tests/ptb_files/parsing/whitespace_handling.ptb", name_index: 0 } }, value: String("'1'") }, Spanned { span: Span { start: 20, end: 32, arg_idx: 1, file_scope: FileScope { file_command_index: 7, name: "tests/ptb_files/parsing/whitespace_handling.ptb", name_index: 0 } }, value: String("'2,       3'") }, Spanned { span: Span { start: 33, end: 35, arg_idx: 1, file_scope: FileScope { file_command_index: 7, name: "tests/ptb_files/parsing/whitespace_handling.ptb", name_index: 0 } }, value: String("''") }, Spanned { span: Span { start: 36, end: 75, arg_idx: 1, file_scope: FileScope { file_command_index: 7, name: "tests/ptb_files/parsing/whitespace_handling.ptb", name_index: 0 } }, value: String("'4                                    '") }] })
cmd: GasBudget(Spanned { span: Span { start: 0, end: 3, arg_idx: 0, file_scope: FileScope { file_command_index: 8, name: "tests/ptb_files/parsing/whitespace_handling.ptb", name_index: 0 } }, value: 100 })
cmd: Preview(Spanned { span: Span { start: 0, end: 4, arg_idx: 0, file_scope: FileScope { file_command_index: 1, name: "console", name_index: 0 } }, value: Bool(true) })
 === BUILT PTB === 
Input 0: Pure([1, 0, 0, 0, 0, 0, 0, 0])
Input 1: Pure([2, 0, 0, 0, 0, 0, 0, 0])
Input 2: Pure([3, 0, 0, 0, 0, 0, 0, 0])
Input 3: Pure([4, 0, 0, 0, 0, 0, 0, 0])
Input 4: Pure([3, 39, 49, 39])
Input 5: Pure([12, 39, 50, 44, 32, 32, 32, 32, 32, 32, 32, 51, 39])
Input 6: Pure([2, 39, 39])
Input 7: Pure([27, 39, 52, 32, 32, 32, 32, 32, 32, 32, 32, 32, 32, 32, 32, 32, 32, 32, 32, 32, 32, 32, 32, 32, 32, 32, 32, 39])
Input 8: Pure([39, 39, 52, 32, 32, 32, 32, 32, 32, 32, 32, 32, 32, 32, 32, 32, 32, 32, 32, 32, 32, 32, 32, 32, 32, 32, 32, 32, 32, 32, 32, 32, 32, 32, 32, 32, 32, 32, 32, 39])
Command 0: MakeMoveVec(Someu16,[Input(0),Input(1),Input(2),Input(3)])
Command 1: MakeMoveVec(Some0x2::string::String,[Input(0),Input(1),Input(2),Input(3)])
Command 2: MakeMoveVec(Some0x2::string::String,[Input(4),Input(5),Input(6),Input(7)])
Command 3: MakeMoveVec(Some0x2::string::String,[Input(4),Input(5),Input(6),Input(8)])
