---
source: crates/sui/tests/ptb_files_tests.rs
expression: "results.join(\"\\n\")"
---
 === PREVIEW === 
╭──────────────────────────────────────────────────────────────────────────────────────────────╮
│ PTB Preview                                                                                  │
├─────────────┬───────────────────────────────────────────────────┬────────────────────────────┤
│ command     │ from                                              │ value(s)                   │
├─────────────┼───────────────────────────────────────────────────┼────────────────────────────┤
│ gas_budget  │ tests/ptb_files/merge_coins/merge_coins_valid.ptb │ 100000000                  │
│ split_coins │ tests/ptb_files/merge_coins/merge_coins_valid.ptb │ gas [1,2,3]                │
│ assign      │ tests/ptb_files/merge_coins/merge_coins_valid.ptb │ coins                      │
│ assign      │ tests/ptb_files/merge_coins/merge_coins_valid.ptb │ c0 coins.0                 │
│ assign      │ tests/ptb_files/merge_coins/merge_coins_valid.ptb │ c1 coins.1                 │
│ assign      │ tests/ptb_files/merge_coins/merge_coins_valid.ptb │ c2 coins.2                 │
│ merge_coins │ tests/ptb_files/merge_coins/merge_coins_valid.ptb │ c0 [c1, c2]                │
│ merge_coins │ tests/ptb_files/merge_coins/merge_coins_valid.ptb │ gas [c0]                   │
│ split_coins │ tests/ptb_files/merge_coins/merge_coins_valid.ptb │ gas [1,2,3]                │
│ assign      │ tests/ptb_files/merge_coins/merge_coins_valid.ptb │ coins                      │
│ merge_coins │ tests/ptb_files/merge_coins/merge_coins_valid.ptb │ coins.0 [coins.1, coins.2] │
│ merge_coins │ tests/ptb_files/merge_coins/merge_coins_valid.ptb │ gas [coins.0]              │
│ preview     │ console                                           │ true                       │
╰─────────────┴───────────────────────────────────────────────────┴────────────────────────────╯
 === PARSED INPUT COMMANDS === 
cmd: GasBudget(Spanned { span: Span { start: 0, end: 9, arg_idx: 0, file_scope: FileScope { file_command_index: 0, name: "tests/ptb_files/merge_coins/merge_coins_valid.ptb", name_index: 0 } }, value: 100000000 })
cmd: SplitCoins(Spanned { span: Span { start: 0, end: 3, arg_idx: 0, file_scope: FileScope { file_command_index: 1, name: "tests/ptb_files/merge_coins/merge_coins_valid.ptb", name_index: 0 } }, value: Gas }, Spanned { span: Span { start: 0, end: 7, arg_idx: 1, file_scope: FileScope { file_command_index: 1, name: "tests/ptb_files/merge_coins/merge_coins_valid.ptb", name_index: 0 } }, value: [Spanned { span: Span { start: 1, end: 2, arg_idx: 1, file_scope: FileScope { file_command_index: 1, name: "tests/ptb_files/merge_coins/merge_coins_valid.ptb", name_index: 0 } }, value: U64(1) }, Spanned { span: Span { start: 3, end: 4, arg_idx: 1, file_scope: FileScope { file_command_index: 1, name: "tests/ptb_files/merge_coins/merge_coins_valid.ptb", name_index: 0 } }, value: U64(2) }, Spanned { span: Span { start: 5, end: 6, arg_idx: 1, file_scope: FileScope { file_command_index: 1, name: "tests/ptb_files/merge_coins/merge_coins_valid.ptb", name_index: 0 } }, value: U64(3) }] })
cmd: Assign(Spanned { span: Span { start: 0, end: 5, arg_idx: 0, file_scope: FileScope { file_command_index: 2, name: "tests/ptb_files/merge_coins/merge_coins_valid.ptb", name_index: 0 } }, value: "coins" }, None)
cmd: Assign(Spanned { span: Span { start: 0, end: 2, arg_idx: 0, file_scope: FileScope { file_command_index: 3, name: "tests/ptb_files/merge_coins/merge_coins_valid.ptb", name_index: 0 } }, value: "c0" }, Some(Spanned { span: Span { start: 0, end: 7, arg_idx: 1, file_scope: FileScope { file_command_index: 3, name: "tests/ptb_files/merge_coins/merge_coins_valid.ptb", name_index: 0 } }, value: VariableAccess(Spanned { span: Span { start: 0, end: 5, arg_idx: 1, file_scope: FileScope { file_command_index: 3, name: "tests/ptb_files/merge_coins/merge_coins_valid.ptb", name_index: 0 } }, value: "coins" }, [Spanned { span: Span { start: 6, end: 7, arg_idx: 1, file_scope: FileScope { file_command_index: 3, name: "tests/ptb_files/merge_coins/merge_coins_valid.ptb", name_index: 0 } }, value: "0" }]) }))
cmd: Assign(Spanned { span: Span { start: 0, end: 2, arg_idx: 0, file_scope: FileScope { file_command_index: 4, name: "tests/ptb_files/merge_coins/merge_coins_valid.ptb", name_index: 0 } }, value: "c1" }, Some(Spanned { span: Span { start: 0, end: 7, arg_idx: 1, file_scope: FileScope { file_command_index: 4, name: "tests/ptb_files/merge_coins/merge_coins_valid.ptb", name_index: 0 } }, value: VariableAccess(Spanned { span: Span { start: 0, end: 5, arg_idx: 1, file_scope: FileScope { file_command_index: 4, name: "tests/ptb_files/merge_coins/merge_coins_valid.ptb", name_index: 0 } }, value: "coins" }, [Spanned { span: Span { start: 6, end: 7, arg_idx: 1, file_scope: FileScope { file_command_index: 4, name: "tests/ptb_files/merge_coins/merge_coins_valid.ptb", name_index: 0 } }, value: "1" }]) }))
cmd: Assign(Spanned { span: Span { start: 0, end: 2, arg_idx: 0, file_scope: FileScope { file_command_index: 5, name: "tests/ptb_files/merge_coins/merge_coins_valid.ptb", name_index: 0 } }, value: "c2" }, Some(Spanned { span: Span { start: 0, end: 7, arg_idx: 1, file_scope: FileScope { file_command_index: 5, name: "tests/ptb_files/merge_coins/merge_coins_valid.ptb", name_index: 0 } }, value: VariableAccess(Spanned { span: Span { start: 0, end: 5, arg_idx: 1, file_scope: FileScope { file_command_index: 5, name: "tests/ptb_files/merge_coins/merge_coins_valid.ptb", name_index: 0 } }, value: "coins" }, [Spanned { span: Span { start: 6, end: 7, arg_idx: 1, file_scope: FileScope { file_command_index: 5, name: "tests/ptb_files/merge_coins/merge_coins_valid.ptb", name_index: 0 } }, value: "2" }]) }))
cmd: MergeCoins(Spanned { span: Span { start: 0, end: 2, arg_idx: 0, file_scope: FileScope { file_command_index: 6, name: "tests/ptb_files/merge_coins/merge_coins_valid.ptb", name_index: 0 } }, value: Identifier("c0") }, Spanned { span: Span { start: 0, end: 8, arg_idx: 1, file_scope: FileScope { file_command_index: 6, name: "tests/ptb_files/merge_coins/merge_coins_valid.ptb", name_index: 0 } }, value: [Spanned { span: Span { start: 1, end: 3, arg_idx: 1, file_scope: FileScope { file_command_index: 6, name: "tests/ptb_files/merge_coins/merge_coins_valid.ptb", name_index: 0 } }, value: Identifier("c1") }, Spanned { span: Span { start: 5, end: 7, arg_idx: 1, file_scope: FileScope { file_command_index: 6, name: "tests/ptb_files/merge_coins/merge_coins_valid.ptb", name_index: 0 } }, value: Identifier("c2") }] })
cmd: MergeCoins(Spanned { span: Span { start: 0, end: 3, arg_idx: 0, file_scope: FileScope { file_command_index: 7, name: "tests/ptb_files/merge_coins/merge_coins_valid.ptb", name_index: 0 } }, value: Gas }, Spanned { span: Span { start: 0, end: 4, arg_idx: 1, file_scope: FileScope { file_command_index: 7, name: "tests/ptb_files/merge_coins/merge_coins_valid.ptb", name_index: 0 } }, value: [Spanned { span: Span { start: 1, end: 3, arg_idx: 1, file_scope: FileScope { file_command_index: 7, name: "tests/ptb_files/merge_coins/merge_coins_valid.ptb", name_index: 0 } }, value: Identifier("c0") }] })
cmd: SplitCoins(Spanned { span: Span { start: 0, end: 3, arg_idx: 0, file_scope: FileScope { file_command_index: 8, name: "tests/ptb_files/merge_coins/merge_coins_valid.ptb", name_index: 0 } }, value: Gas }, Spanned { span: Span { start: 0, end: 7, arg_idx: 1, file_scope: FileScope { file_command_index: 8, name: "tests/ptb_files/merge_coins/merge_coins_valid.ptb", name_index: 0 } }, value: [Spanned { span: Span { start: 1, end: 2, arg_idx: 1, file_scope: FileScope { file_command_index: 8, name: "tests/ptb_files/merge_coins/merge_coins_valid.ptb", name_index: 0 } }, value: U64(1) }, Spanned { span: Span { start: 3, end: 4, arg_idx: 1, file_scope: FileScope { file_command_index: 8, name: "tests/ptb_files/merge_coins/merge_coins_valid.ptb", name_index: 0 } }, value: U64(2) }, Spanned { span: Span { start: 5, end: 6, arg_idx: 1, file_scope: FileScope { file_command_index: 8, name: "tests/ptb_files/merge_coins/merge_coins_valid.ptb", name_index: 0 } }, value: U64(3) }] })
cmd: Assign(Spanned { span: Span { start: 0, end: 5, arg_idx: 0, file_scope: FileScope { file_command_index: 9, name: "tests/ptb_files/merge_coins/merge_coins_valid.ptb", name_index: 0 } }, value: "coins" }, None)
cmd: MergeCoins(Spanned { span: Span { start: 0, end: 7, arg_idx: 0, file_scope: FileScope { file_command_index: 10, name: "tests/ptb_files/merge_coins/merge_coins_valid.ptb", name_index: 0 } }, value: VariableAccess(Spanned { span: Span { start: 0, end: 5, arg_idx: 0, file_scope: FileScope { file_command_index: 10, name: "tests/ptb_files/merge_coins/merge_coins_valid.ptb", name_index: 0 } }, value: "coins" }, [Spanned { span: Span { start: 6, end: 7, arg_idx: 0, file_scope: FileScope { file_command_index: 10, name: "tests/ptb_files/merge_coins/merge_coins_valid.ptb", name_index: 0 } }, value: "0" }]) }, Spanned { span: Span { start: 0, end: 18, arg_idx: 1, file_scope: FileScope { file_command_index: 10, name: "tests/ptb_files/merge_coins/merge_coins_valid.ptb", name_index: 0 } }, value: [Spanned { span: Span { start: 1, end: 8, arg_idx: 1, file_scope: FileScope { file_command_index: 10, name: "tests/ptb_files/merge_coins/merge_coins_valid.ptb", name_index: 0 } }, value: VariableAccess(Spanned { span: Span { start: 1, end: 6, arg_idx: 1, file_scope: FileScope { file_command_index: 10, name: "tests/ptb_files/merge_coins/merge_coins_valid.ptb", name_index: 0 } }, value: "coins" }, [Spanned { span: Span { start: 7, end: 8, arg_idx: 1, file_scope: FileScope { file_command_index: 10, name: "tests/ptb_files/merge_coins/merge_coins_valid.ptb", name_index: 0 } }, value: "1" }]) }, Spanned { span: Span { start: 10, end: 17, arg_idx: 1, file_scope: FileScope { file_command_index: 10, name: "tests/ptb_files/merge_coins/merge_coins_valid.ptb", name_index: 0 } }, value: VariableAccess(Spanned { span: Span { start: 10, end: 15, arg_idx: 1, file_scope: FileScope { file_command_index: 10, name: "tests/ptb_files/merge_coins/merge_coins_valid.ptb", name_index: 0 } }, value: "coins" }, [Spanned { span: Span { start: 16, end: 17, arg_idx: 1, file_scope: FileScope { file_command_index: 10, name: "tests/ptb_files/merge_coins/merge_coins_valid.ptb", name_index: 0 } }, value: "2" }]) }] })
cmd: MergeCoins(Spanned { span: Span { start: 0, end: 3, arg_idx: 0, file_scope: FileScope { file_command_index: 11, name: "tests/ptb_files/merge_coins/merge_coins_valid.ptb", name_index: 0 } }, value: Gas }, Spanned { span: Span { start: 0, end: 9, arg_idx: 1, file_scope: FileScope { file_command_index: 11, name: "tests/ptb_files/merge_coins/merge_coins_valid.ptb", name_index: 0 } }, value: [Spanned { span: Span { start: 1, end: 8, arg_idx: 1, file_scope: FileScope { file_command_index: 11, name: "tests/ptb_files/merge_coins/merge_coins_valid.ptb", name_index: 0 } }, value: VariableAccess(Spanned { span: Span { start: 1, end: 6, arg_idx: 1, file_scope: FileScope { file_command_index: 11, name: "tests/ptb_files/merge_coins/merge_coins_valid.ptb", name_index: 0 } }, value: "coins" }, [Spanned { span: Span { start: 7, end: 8, arg_idx: 1, file_scope: FileScope { file_command_index: 11, name: "tests/ptb_files/merge_coins/merge_coins_valid.ptb", name_index: 0 } }, value: "0" }]) }] })
cmd: Preview(Spanned { span: Span { start: 0, end: 4, arg_idx: 0, file_scope: FileScope { file_command_index: 1, name: "console", name_index: 0 } }, value: Bool(true) })
 === BUILT PTB === 
Input 0: Pure([1, 0, 0, 0, 0, 0, 0, 0])
Input 1: Pure([2, 0, 0, 0, 0, 0, 0, 0])
Input 2: Pure([3, 0, 0, 0, 0, 0, 0, 0])
Command 0: SplitCoins(GasCoinInput(0),Input(1),Input(2))
Command 1: MergeCoins(NestedResult(0,0),NestedResult(0,1),NestedResult(0,2))
Command 2: MergeCoins(GasCoin,NestedResult(0,0))
Command 3: SplitCoins(GasCoinInput(0),Input(1),Input(2))
Command 4: MergeCoins(NestedResult(3,0),NestedResult(3,1),NestedResult(3,2))
Command 5: MergeCoins(GasCoin,NestedResult(3,0))
