---
source: crates/sui/tests/ptb_files_tests.rs
expression: "results.join(\"\\n\")"
---
 === PREVIEW === 
╭──────────────────────────────────────────────────────────────────────────────────────────────────────────────╮
│ PTB Preview                                                                                                  │
├───────────────┬───────────────────────────────────────────────────┬──────────────────────────────────────────┤
│ command       │ from                                              │ value(s)                                 │
├───────────────┼───────────────────────────────────────────────────┼──────────────────────────────────────────┤
│ assign        │ tests/ptb_files/resolution/variable_shadowing.ptb │ s @0x1                                   │
│ move_call     │ tests/ptb_files/resolution/variable_shadowing.ptb │ sui::coin::destroy_zero<sui::sui::SUI> s │
│ assign        │ tests/ptb_files/resolution/variable_shadowing.ptb │ s @0x2                                   │
│ make_move_vec │ tests/ptb_files/resolution/variable_shadowing.ptb │ <address> [s]                            │
│ gas_budget    │ tests/ptb_files/resolution/variable_shadowing.ptb │ 100000                                   │
│ preview       │ console                                           │ true                                     │
╰───────────────┴───────────────────────────────────────────────────┴──────────────────────────────────────────╯
 === PARSED INPUT COMMANDS === 
cmd: Assign(Spanned { span: Span { start: 0, end: 1, arg_idx: 0, file_scope: FileScope { file_command_index: 0, name: "tests/ptb_files/resolution/variable_shadowing.ptb", name_index: 0 } }, value: "s" }, Some(Spanned { span: Span { start: 1, end: 4, arg_idx: 1, file_scope: FileScope { file_command_index: 0, name: "tests/ptb_files/resolution/variable_shadowing.ptb", name_index: 0 } }, value: Address(0x1) }))
cmd: MoveCall(Spanned { span: Span { start: 0, end: 23, arg_idx: 0, file_scope: FileScope { file_command_index: 1, name: "tests/ptb_files/resolution/variable_shadowing.ptb", name_index: 0 } }, value: ModuleAccess { address: Spanned { span: Span { start: 0, end: 3, arg_idx: 0, file_scope: FileScope { file_command_index: 1, name: "tests/ptb_files/resolution/variable_shadowing.ptb", name_index: 0 } }, value: Named("sui") }, module_name: Spanned { span: Span { start: 5, end: 9, arg_idx: 0, file_scope: FileScope { file_command_index: 1, name: "tests/ptb_files/resolution/variable_shadowing.ptb", name_index: 0 } }, value: Identifier("coin") }, function_name: Spanned { span: Span { start: 11, end: 23, arg_idx: 0, file_scope: FileScope { file_command_index: 1, name: "tests/ptb_files/resolution/variable_shadowing.ptb", name_index: 0 } }, value: Identifier("destroy_zero") } } }, Some(Spanned { span: Span { start: 23, end: 38, arg_idx: 0, file_scope: FileScope { file_command_index: 1, name: "tests/ptb_files/resolution/variable_shadowing.ptb", name_index: 0 } }, value: [Struct(ParsedStructType { fq_name: ParsedFqName { module: ParsedModuleId { address: Named("sui"), name: "sui" }, name: "SUI" }, type_args: [] })] }), [Spanned { span: Span { start: 0, end: 1, arg_idx: 1, file_scope: FileScope { file_command_index: 1, name: "tests/ptb_files/resolution/variable_shadowing.ptb", name_index: 0 } }, value: Identifier("s") }])
cmd: Assign(Spanned { span: Span { start: 0, end: 1, arg_idx: 0, file_scope: FileScope { file_command_index: 2, name: "tests/ptb_files/resolution/variable_shadowing.ptb", name_index: 0 } }, value: "s" }, Some(Spanned { span: Span { start: 1, end: 4, arg_idx: 1, file_scope: FileScope { file_command_index: 2, name: "tests/ptb_files/resolution/variable_shadowing.ptb", name_index: 0 } }, value: Address(0x2) }))
cmd: MakeMoveVec(Spanned { span: Span { start: 0, end: 9, arg_idx: 0, file_scope: FileScope { file_command_index: 3, name: "tests/ptb_files/resolution/variable_shadowing.ptb", name_index: 0 } }, value: Address }, Spanned { span: Span { start: 0, end: 3, arg_idx: 1, file_scope: FileScope { file_command_index: 3, name: "tests/ptb_files/resolution/variable_shadowing.ptb", name_index: 0 } }, value: [Spanned { span: Span { start: 1, end: 2, arg_idx: 1, file_scope: FileScope { file_command_index: 3, name: "tests/ptb_files/resolution/variable_shadowing.ptb", name_index: 0 } }, value: Identifier("s") }] })
cmd: GasBudget(Spanned { span: Span { start: 0, end: 6, arg_idx: 0, file_scope: FileScope { file_command_index: 4, name: "tests/ptb_files/resolution/variable_shadowing.ptb", name_index: 0 } }, value: 100000 })
cmd: Preview(Spanned { span: Span { start: 0, end: 5, arg_idx: 0, file_scope: FileScope { file_command_index: 5, name: "tests/ptb_files/resolution/variable_shadowing.ptb", name_index: 0 } }, value: Bool(false) })
cmd: WarnShadows(Spanned { span: Span { start: 0, end: 5, arg_idx: 0, file_scope: FileScope { file_command_index: 6, name: "tests/ptb_files/resolution/variable_shadowing.ptb", name_index: 0 } }, value: Bool(false) })
cmd: Preview(Spanned { span: Span { start: 0, end: 4, arg_idx: 0, file_scope: FileScope { file_command_index: 1, name: "console", name_index: 0 } }, value: Bool(true) })
cmd: WarnShadows(Spanned { span: Span { start: 0, end: 5, arg_idx: 0, file_scope: FileScope { file_command_index: 2, name: "console", name_index: 0 } }, value: Bool(false) })
 === BUILT PTB === 
Input 0: ImmutableOrOwnedObject
Input 1: Pure([0, 0, 0, 0, 0, 0, 0, 0, 0, 0, 0, 0, 0, 0, 0, 0, 0, 0, 0, 0, 0, 0, 0, 0, 0, 0, 0, 0, 0, 0, 0, 2])
Command 0: MoveCall(0x0000000000000000000000000000000000000000000000000000000000000002::coin::destroy_zero<0x2::sui::SUI>(Input(0)))
Command 1: MakeMoveVec(Someaddress,[Input(1)])
