---
source: crates/sui/tests/ptb_files_tests.rs
expression: "results.join(\"\\n\")"
---
 === PREVIEW === 
╭──────────────────────────────────────────────────────────────────────────────────────────────────────────────╮
│ PTB Preview                                                                                                  │
├────────────┬────────────────────────────────────────────────────────┬────────────────────────────────────────┤
│ command    │ from                                                   │ value(s)                               │
├────────────┼────────────────────────────────────────────────────────┼────────────────────────────────────────┤
│ gas_budget │ tests/ptb_files/move_call/move_call_fun_resolution.ptb │ 1000                                   │
│ move_call  │ tests/ptb_files/move_call/move_call_fun_resolution.ptb │ zero_x_zero::option::is_none<u64> none │
│ assign     │ tests/ptb_files/move_call/move_call_fun_resolution.ptb │ a none                                 │
│ assign     │ tests/ptb_files/move_call/move_call_fun_resolution.ptb │ zero_x_zero @0x0                       │
│ move_call  │ tests/ptb_files/move_call/move_call_fun_resolution.ptb │ zero_x_zero::option::is_none<u64> a    │
│ move_call  │ tests/ptb_files/move_call/move_call_fun_resolution.ptb │ std::Option::is_none<u64> a            │
│ move_call  │ tests/ptb_files/move_call/move_call_fun_resolution.ptb │ std::option::isnone<u64> a             │
│ move_call  │ tests/ptb_files/move_call/move_call_fun_resolution.ptb │ std::option::is_none<u64>              │
│ move_call  │ tests/ptb_files/move_call/move_call_fun_resolution.ptb │ std::option::is_none<u64> a b          │
│ move_call  │ tests/ptb_files/move_call/move_call_fun_resolution.ptb │ sui::coin::destroy_zero @0x1           │
│ move_call  │ tests/ptb_files/move_call/move_call_fun_resolution.ptb │ std::option::is_none<u64, bool> a      │
│ preview    │ console                                                │ true                                   │
╰────────────┴────────────────────────────────────────────────────────┴────────────────────────────────────────╯
 === PARSED INPUT COMMANDS === 
cmd: GasBudget(Spanned { span: Span { start: 0, end: 4, arg_idx: 0, file_scope: FileScope { file_command_index: 0, name: "tests/ptb_files/move_call/move_call_fun_resolution.ptb", name_index: 0 } }, value: 1000 })
cmd: MoveCall(Spanned { span: Span { start: 0, end: 28, arg_idx: 0, file_scope: FileScope { file_command_index: 1, name: "tests/ptb_files/move_call/move_call_fun_resolution.ptb", name_index: 0 } }, value: ModuleAccess { address: Spanned { span: Span { start: 0, end: 11, arg_idx: 0, file_scope: FileScope { file_command_index: 1, name: "tests/ptb_files/move_call/move_call_fun_resolution.ptb", name_index: 0 } }, value: Named("zero_x_zero") }, module_name: Spanned { span: Span { start: 13, end: 19, arg_idx: 0, file_scope: FileScope { file_command_index: 1, name: "tests/ptb_files/move_call/move_call_fun_resolution.ptb", name_index: 0 } }, value: Identifier("option") }, function_name: Spanned { span: Span { start: 21, end: 28, arg_idx: 0, file_scope: FileScope { file_command_index: 1, name: "tests/ptb_files/move_call/move_call_fun_resolution.ptb", name_index: 0 } }, value: Identifier("is_none") } } }, Some(Spanned { span: Span { start: 28, end: 33, arg_idx: 0, file_scope: FileScope { file_command_index: 1, name: "tests/ptb_files/move_call/move_call_fun_resolution.ptb", name_index: 0 } }, value: [U64] }), [Spanned { span: Span { start: 0, end: 4, arg_idx: 1, file_scope: FileScope { file_command_index: 1, name: "tests/ptb_files/move_call/move_call_fun_resolution.ptb", name_index: 0 } }, value: Option(Spanned { span: Span { start: 0, end: 4, arg_idx: 1, file_scope: FileScope { file_command_index: 1, name: "tests/ptb_files/move_call/move_call_fun_resolution.ptb", name_index: 0 } }, value: None }) }])
cmd: Assign(Spanned { span: Span { start: 0, end: 1, arg_idx: 0, file_scope: FileScope { file_command_index: 2, name: "tests/ptb_files/move_call/move_call_fun_resolution.ptb", name_index: 0 } }, value: "a" }, Some(Spanned { span: Span { start: 0, end: 4, arg_idx: 1, file_scope: FileScope { file_command_index: 2, name: "tests/ptb_files/move_call/move_call_fun_resolution.ptb", name_index: 0 } }, value: Option(Spanned { span: Span { start: 0, end: 4, arg_idx: 1, file_scope: FileScope { file_command_index: 2, name: "tests/ptb_files/move_call/move_call_fun_resolution.ptb", name_index: 0 } }, value: None }) }))
cmd: Assign(Spanned { span: Span { start: 0, end: 11, arg_idx: 0, file_scope: FileScope { file_command_index: 3, name: "tests/ptb_files/move_call/move_call_fun_resolution.ptb", name_index: 0 } }, value: "zero_x_zero" }, Some(Spanned { span: Span { start: 1, end: 4, arg_idx: 1, file_scope: FileScope { file_command_index: 3, name: "tests/ptb_files/move_call/move_call_fun_resolution.ptb", name_index: 0 } }, value: Address(0x0) }))
cmd: MoveCall(Spanned { span: Span { start: 0, end: 28, arg_idx: 0, file_scope: FileScope { file_command_index: 4, name: "tests/ptb_files/move_call/move_call_fun_resolution.ptb", name_index: 0 } }, value: ModuleAccess { address: Spanned { span: Span { start: 0, end: 11, arg_idx: 0, file_scope: FileScope { file_command_index: 4, name: "tests/ptb_files/move_call/move_call_fun_resolution.ptb", name_index: 0 } }, value: Named("zero_x_zero") }, module_name: Spanned { span: Span { start: 13, end: 19, arg_idx: 0, file_scope: FileScope { file_command_index: 4, name: "tests/ptb_files/move_call/move_call_fun_resolution.ptb", name_index: 0 } }, value: Identifier("option") }, function_name: Spanned { span: Span { start: 21, end: 28, arg_idx: 0, file_scope: FileScope { file_command_index: 4, name: "tests/ptb_files/move_call/move_call_fun_resolution.ptb", name_index: 0 } }, value: Identifier("is_none") } } }, Some(Spanned { span: Span { start: 28, end: 33, arg_idx: 0, file_scope: FileScope { file_command_index: 4, name: "tests/ptb_files/move_call/move_call_fun_resolution.ptb", name_index: 0 } }, value: [U64] }), [Spanned { span: Span { start: 0, end: 1, arg_idx: 1, file_scope: FileScope { file_command_index: 4, name: "tests/ptb_files/move_call/move_call_fun_resolution.ptb", name_index: 0 } }, value: Identifier("a") }])
cmd: MoveCall(Spanned { span: Span { start: 0, end: 20, arg_idx: 0, file_scope: FileScope { file_command_index: 5, name: "tests/ptb_files/move_call/move_call_fun_resolution.ptb", name_index: 0 } }, value: ModuleAccess { address: Spanned { span: Span { start: 0, end: 3, arg_idx: 0, file_scope: FileScope { file_command_index: 5, name: "tests/ptb_files/move_call/move_call_fun_resolution.ptb", name_index: 0 } }, value: Named("std") }, module_name: Spanned { span: Span { start: 5, end: 11, arg_idx: 0, file_scope: FileScope { file_command_index: 5, name: "tests/ptb_files/move_call/move_call_fun_resolution.ptb", name_index: 0 } }, value: Identifier("Option") }, function_name: Spanned { span: Span { start: 13, end: 20, arg_idx: 0, file_scope: FileScope { file_command_index: 5, name: "tests/ptb_files/move_call/move_call_fun_resolution.ptb", name_index: 0 } }, value: Identifier("is_none") } } }, Some(Spanned { span: Span { start: 20, end: 25, arg_idx: 0, file_scope: FileScope { file_command_index: 5, name: "tests/ptb_files/move_call/move_call_fun_resolution.ptb", name_index: 0 } }, value: [U64] }), [Spanned { span: Span { start: 0, end: 1, arg_idx: 1, file_scope: FileScope { file_command_index: 5, name: "tests/ptb_files/move_call/move_call_fun_resolution.ptb", name_index: 0 } }, value: Identifier("a") }])
cmd: MoveCall(Spanned { span: Span { start: 0, end: 19, arg_idx: 0, file_scope: FileScope { file_command_index: 6, name: "tests/ptb_files/move_call/move_call_fun_resolution.ptb", name_index: 0 } }, value: ModuleAccess { address: Spanned { span: Span { start: 0, end: 3, arg_idx: 0, file_scope: FileScope { file_command_index: 6, name: "tests/ptb_files/move_call/move_call_fun_resolution.ptb", name_index: 0 } }, value: Named("std") }, module_name: Spanned { span: Span { start: 5, end: 11, arg_idx: 0, file_scope: FileScope { file_command_index: 6, name: "tests/ptb_files/move_call/move_call_fun_resolution.ptb", name_index: 0 } }, value: Identifier("option") }, function_name: Spanned { span: Span { start: 13, end: 19, arg_idx: 0, file_scope: FileScope { file_command_index: 6, name: "tests/ptb_files/move_call/move_call_fun_resolution.ptb", name_index: 0 } }, value: Identifier("isnone") } } }, Some(Spanned { span: Span { start: 19, end: 24, arg_idx: 0, file_scope: FileScope { file_command_index: 6, name: "tests/ptb_files/move_call/move_call_fun_resolution.ptb", name_index: 0 } }, value: [U64] }), [Spanned { span: Span { start: 0, end: 1, arg_idx: 1, file_scope: FileScope { file_command_index: 6, name: "tests/ptb_files/move_call/move_call_fun_resolution.ptb", name_index: 0 } }, value: Identifier("a") }])
cmd: MoveCall(Spanned { span: Span { start: 0, end: 20, arg_idx: 0, file_scope: FileScope { file_command_index: 7, name: "tests/ptb_files/move_call/move_call_fun_resolution.ptb", name_index: 0 } }, value: ModuleAccess { address: Spanned { span: Span { start: 0, end: 3, arg_idx: 0, file_scope: FileScope { file_command_index: 7, name: "tests/ptb_files/move_call/move_call_fun_resolution.ptb", name_index: 0 } }, value: Named("std") }, module_name: Spanned { span: Span { start: 5, end: 11, arg_idx: 0, file_scope: FileScope { file_command_index: 7, name: "tests/ptb_files/move_call/move_call_fun_resolution.ptb", name_index: 0 } }, value: Identifier("option") }, function_name: Spanned { span: Span { start: 13, end: 20, arg_idx: 0, file_scope: FileScope { file_command_index: 7, name: "tests/ptb_files/move_call/move_call_fun_resolution.ptb", name_index: 0 } }, value: Identifier("is_none") } } }, Some(Spanned { span: Span { start: 20, end: 25, arg_idx: 0, file_scope: FileScope { file_command_index: 7, name: "tests/ptb_files/move_call/move_call_fun_resolution.ptb", name_index: 0 } }, value: [U64] }), [])
cmd: MoveCall(Spanned { span: Span { start: 0, end: 20, arg_idx: 0, file_scope: FileScope { file_command_index: 8, name: "tests/ptb_files/move_call/move_call_fun_resolution.ptb", name_index: 0 } }, value: ModuleAccess { address: Spanned { span: Span { start: 0, end: 3, arg_idx: 0, file_scope: FileScope { file_command_index: 8, name: "tests/ptb_files/move_call/move_call_fun_resolution.ptb", name_index: 0 } }, value: Named("std") }, module_name: Spanned { span: Span { start: 5, end: 11, arg_idx: 0, file_scope: FileScope { file_command_index: 8, name: "tests/ptb_files/move_call/move_call_fun_resolution.ptb", name_index: 0 } }, value: Identifier("option") }, function_name: Spanned { span: Span { start: 13, end: 20, arg_idx: 0, file_scope: FileScope { file_command_index: 8, name: "tests/ptb_files/move_call/move_call_fun_resolution.ptb", name_index: 0 } }, value: Identifier("is_none") } } }, Some(Spanned { span: Span { start: 20, end: 25, arg_idx: 0, file_scope: FileScope { file_command_index: 8, name: "tests/ptb_files/move_call/move_call_fun_resolution.ptb", name_index: 0 } }, value: [U64] }), [Spanned { span: Span { start: 0, end: 1, arg_idx: 1, file_scope: FileScope { file_command_index: 8, name: "tests/ptb_files/move_call/move_call_fun_resolution.ptb", name_index: 0 } }, value: Identifier("a") }, Spanned { span: Span { start: 2, end: 3, arg_idx: 1, file_scope: FileScope { file_command_index: 8, name: "tests/ptb_files/move_call/move_call_fun_resolution.ptb", name_index: 0 } }, value: Identifier("b") }])
cmd: MoveCall(Spanned { span: Span { start: 0, end: 23, arg_idx: 0, file_scope: FileScope { file_command_index: 9, name: "tests/ptb_files/move_call/move_call_fun_resolution.ptb", name_index: 0 } }, value: ModuleAccess { address: Spanned { span: Span { start: 0, end: 3, arg_idx: 0, file_scope: FileScope { file_command_index: 9, name: "tests/ptb_files/move_call/move_call_fun_resolution.ptb", name_index: 0 } }, value: Named("sui") }, module_name: Spanned { span: Span { start: 5, end: 9, arg_idx: 0, file_scope: FileScope { file_command_index: 9, name: "tests/ptb_files/move_call/move_call_fun_resolution.ptb", name_index: 0 } }, value: Identifier("coin") }, function_name: Spanned { span: Span { start: 11, end: 23, arg_idx: 0, file_scope: FileScope { file_command_index: 9, name: "tests/ptb_files/move_call/move_call_fun_resolution.ptb", name_index: 0 } }, value: Identifier("destroy_zero") } } }, None, [Spanned { span: Span { start: 1, end: 4, arg_idx: 1, file_scope: FileScope { file_command_index: 9, name: "tests/ptb_files/move_call/move_call_fun_resolution.ptb", name_index: 0 } }, value: Address(0x1) }])
cmd: MoveCall(Spanned { span: Span { start: 0, end: 20, arg_idx: 0, file_scope: FileScope { file_command_index: 10, name: "tests/ptb_files/move_call/move_call_fun_resolution.ptb", name_index: 0 } }, value: ModuleAccess { address: Spanned { span: Span { start: 0, end: 3, arg_idx: 0, file_scope: FileScope { file_command_index: 10, name: "tests/ptb_files/move_call/move_call_fun_resolution.ptb", name_index: 0 } }, value: Named("std") }, module_name: Spanned { span: Span { start: 5, end: 11, arg_idx: 0, file_scope: FileScope { file_command_index: 10, name: "tests/ptb_files/move_call/move_call_fun_resolution.ptb", name_index: 0 } }, value: Identifier("option") }, function_name: Spanned { span: Span { start: 13, end: 20, arg_idx: 0, file_scope: FileScope { file_command_index: 10, name: "tests/ptb_files/move_call/move_call_fun_resolution.ptb", name_index: 0 } }, value: Identifier("is_none") } } }, Some(Spanned { span: Span { start: 20, end: 31, arg_idx: 0, file_scope: FileScope { file_command_index: 10, name: "tests/ptb_files/move_call/move_call_fun_resolution.ptb", name_index: 0 } }, value: [U64, Bool] }), [Spanned { span: Span { start: 0, end: 1, arg_idx: 1, file_scope: FileScope { file_command_index: 10, name: "tests/ptb_files/move_call/move_call_fun_resolution.ptb", name_index: 0 } }, value: Identifier("a") }])
cmd: Preview(Spanned { span: Span { start: 0, end: 5, arg_idx: 0, file_scope: FileScope { file_command_index: 11, name: "tests/ptb_files/move_call/move_call_fun_resolution.ptb", name_index: 0 } }, value: Bool(false) })
cmd: WarnShadows(Spanned { span: Span { start: 0, end: 5, arg_idx: 0, file_scope: FileScope { file_command_index: 12, name: "tests/ptb_files/move_call/move_call_fun_resolution.ptb", name_index: 0 } }, value: Bool(false) })
cmd: Preview(Spanned { span: Span { start: 0, end: 4, arg_idx: 0, file_scope: FileScope { file_command_index: 1, name: "console", name_index: 0 } }, value: Bool(true) })
cmd: WarnShadows(Spanned { span: Span { start: 0, end: 5, arg_idx: 0, file_scope: FileScope { file_command_index: 2, name: "console", name_index: 0 } }, value: Bool(false) })
 === BUILDING PTB ERRORS === 
  × Error at command 1 in PTB file 'tests/ptb_files/move_call/
  │ move_call_fun_resolution.ptb'
   ╭────
 1 │ move_call zero_x_zero::option::is_none<u64> none 
   ·           ─────┬─────
   ·                ╰── Unbound named address: 'zero_x_zero'
   ╰────
  help: This is most likely because the named address 'zero_x_zero' is not
        in scope. You can either bind a variable to the address that you
        want to use or use the address in the command.

  × Error at command 4 in PTB file 'tests/ptb_files/move_call/
  │ move_call_fun_resolution.ptb'
   ╭────
 1 │ move_call zero_x_zero::option::is_none<u64> a 
   ·           ─────┬─────
   ·                ╰── Object 0x0000000000000000000000000000000000000000000000000000000000000000 does not exist.
   ╰────

  × Error at command 5 in PTB file 'tests/ptb_files/move_call/
  │ move_call_fun_resolution.ptb'
   ╭────
 1 │ move_call std::Option::is_none<u64> a 
   ·                ───┬──
   ·                   ╰── Module not found in package: "Option".
   ╰────
  help: Did you mean 'option'?

  × Error at command 6 in PTB file 'tests/ptb_files/move_call/
  │ move_call_fun_resolution.ptb'
   ╭────
 1 │ move_call std::option::isnone<u64> a 
   ·                        ───┬──
   ·                           ╰── Could not resolve function 'isnone' in module 'option'
   ╰────
  help: Did you mean 'is_none'?

  × Error at command 7 in PTB file 'tests/ptb_files/move_call/
  │ move_call_fun_resolution.ptb'
   ╭────
 1 │ move_call std::option::is_none<u64> 
   ·           ──────────┬─────────
   ·                     ╰── Expected 1 arguments, but got 0
   ╰────

  × Error at command 8 in PTB file 'tests/ptb_files/move_call/
  │ move_call_fun_resolution.ptb'
   ╭────
 1 │ move_call std::option::is_none<u64> a b 
   ·                                     ─┬─
   ·                                      ╰── Expected 1 arguments, but got 2
   ╰────

  × Error at command 9 in PTB file 'tests/ptb_files/move_call/
  │ move_call_fun_resolution.ptb'
   ╭────
 1 │ move_call sui::coin::destroy_zero @0x1 
   ·                                    ─┬─
   ·                                     ╰── Not enough type parameters supplied for Move call
   ╰────

