---
source: crates/sui/tests/ptb_files_tests.rs
expression: "results.join(\"\\n\")"
---
 === PREVIEW === 
╭───────────────────────────────────────────────────────────────────────────────────────────────────────────────────╮
│ PTB Preview                                                                                                       │
├─────────────┬───────────────────────────────────────────────────┬─────────────────────────────────────────────────┤
│ command     │ from                                              │ value(s)                                        │
├─────────────┼───────────────────────────────────────────────────┼─────────────────────────────────────────────────┤
│ split_coins │ tests/ptb_files/split_coins/split_coins_valid.ptb │ gas [0,1,2,3]                                   │
│ assign      │ tests/ptb_files/split_coins/split_coins_valid.ptb │ coins                                           │
│ move_call   │ tests/ptb_files/split_coins/split_coins_valid.ptb │ sui::coin::destroy_zero<sui::sui::SUI> coins.0  │
│ split_coins │ tests/ptb_files/split_coins/split_coins_valid.ptb │ coins.1 [0,0]                                   │
│ assign      │ tests/ptb_files/split_coins/split_coins_valid.ptb │ zcoins                                          │
│ move_call   │ tests/ptb_files/split_coins/split_coins_valid.ptb │ sui::coin::destroy_zero<sui::sui::SUI> zcoins.0 │
│ move_call   │ tests/ptb_files/split_coins/split_coins_valid.ptb │ sui::coin::destroy_zero<sui::sui::SUI> zcoins.1 │
│ merge_coins │ tests/ptb_files/split_coins/split_coins_valid.ptb │ gas [coins.1, coins.2, coins.3]                 │
│ gas_budget  │ tests/ptb_files/split_coins/split_coins_valid.ptb │ 10000000                                        │
│ preview     │ console                                           │ true                                            │
╰─────────────┴───────────────────────────────────────────────────┴─────────────────────────────────────────────────╯
 === PARSED INPUT COMMANDS === 
cmd: SplitCoins(Spanned { span: Span { start: 0, end: 3, arg_idx: 0, file_scope: FileScope { file_command_index: 0, name: "tests/ptb_files/split_coins/split_coins_valid.ptb", name_index: 0 } }, value: Gas }, Spanned { span: Span { start: 0, end: 9, arg_idx: 1, file_scope: FileScope { file_command_index: 0, name: "tests/ptb_files/split_coins/split_coins_valid.ptb", name_index: 0 } }, value: [Spanned { span: Span { start: 1, end: 2, arg_idx: 1, file_scope: FileScope { file_command_index: 0, name: "tests/ptb_files/split_coins/split_coins_valid.ptb", name_index: 0 } }, value: U64(0) }, Spanned { span: Span { start: 3, end: 4, arg_idx: 1, file_scope: FileScope { file_command_index: 0, name: "tests/ptb_files/split_coins/split_coins_valid.ptb", name_index: 0 } }, value: U64(1) }, Spanned { span: Span { start: 5, end: 6, arg_idx: 1, file_scope: FileScope { file_command_index: 0, name: "tests/ptb_files/split_coins/split_coins_valid.ptb", name_index: 0 } }, value: U64(2) }, Spanned { span: Span { start: 7, end: 8, arg_idx: 1, file_scope: FileScope { file_command_index: 0, name: "tests/ptb_files/split_coins/split_coins_valid.ptb", name_index: 0 } }, value: U64(3) }] })
cmd: Assign(Spanned { span: Span { start: 0, end: 5, arg_idx: 0, file_scope: FileScope { file_command_index: 1, name: "tests/ptb_files/split_coins/split_coins_valid.ptb", name_index: 0 } }, value: "coins" }, None)
cmd: MoveCall(Spanned { span: Span { start: 0, end: 23, arg_idx: 0, file_scope: FileScope { file_command_index: 2, name: "tests/ptb_files/split_coins/split_coins_valid.ptb", name_index: 0 } }, value: ModuleAccess { address: Spanned { span: Span { start: 0, end: 3, arg_idx: 0, file_scope: FileScope { file_command_index: 2, name: "tests/ptb_files/split_coins/split_coins_valid.ptb", name_index: 0 } }, value: Named("sui") }, module_name: Spanned { span: Span { start: 5, end: 9, arg_idx: 0, file_scope: FileScope { file_command_index: 2, name: "tests/ptb_files/split_coins/split_coins_valid.ptb", name_index: 0 } }, value: Identifier("coin") }, function_name: Spanned { span: Span { start: 11, end: 23, arg_idx: 0, file_scope: FileScope { file_command_index: 2, name: "tests/ptb_files/split_coins/split_coins_valid.ptb", name_index: 0 } }, value: Identifier("destroy_zero") } } }, Some(Spanned { span: Span { start: 23, end: 38, arg_idx: 0, file_scope: FileScope { file_command_index: 2, name: "tests/ptb_files/split_coins/split_coins_valid.ptb", name_index: 0 } }, value: [Struct(ParsedStructType { fq_name: ParsedFqName { module: ParsedModuleId { address: Named("sui"), name: "sui" }, name: "SUI" }, type_args: [] })] }), [Spanned { span: Span { start: 0, end: 7, arg_idx: 1, file_scope: FileScope { file_command_index: 2, name: "tests/ptb_files/split_coins/split_coins_valid.ptb", name_index: 0 } }, value: VariableAccess(Spanned { span: Span { start: 0, end: 5, arg_idx: 1, file_scope: FileScope { file_command_index: 2, name: "tests/ptb_files/split_coins/split_coins_valid.ptb", name_index: 0 } }, value: "coins" }, [Spanned { span: Span { start: 6, end: 7, arg_idx: 1, file_scope: FileScope { file_command_index: 2, name: "tests/ptb_files/split_coins/split_coins_valid.ptb", name_index: 0 } }, value: "0" }]) }])
cmd: SplitCoins(Spanned { span: Span { start: 0, end: 7, arg_idx: 0, file_scope: FileScope { file_command_index: 3, name: "tests/ptb_files/split_coins/split_coins_valid.ptb", name_index: 0 } }, value: VariableAccess(Spanned { span: Span { start: 0, end: 5, arg_idx: 0, file_scope: FileScope { file_command_index: 3, name: "tests/ptb_files/split_coins/split_coins_valid.ptb", name_index: 0 } }, value: "coins" }, [Spanned { span: Span { start: 6, end: 7, arg_idx: 0, file_scope: FileScope { file_command_index: 3, name: "tests/ptb_files/split_coins/split_coins_valid.ptb", name_index: 0 } }, value: "1" }]) }, Spanned { span: Span { start: 0, end: 5, arg_idx: 1, file_scope: FileScope { file_command_index: 3, name: "tests/ptb_files/split_coins/split_coins_valid.ptb", name_index: 0 } }, value: [Spanned { span: Span { start: 1, end: 2, arg_idx: 1, file_scope: FileScope { file_command_index: 3, name: "tests/ptb_files/split_coins/split_coins_valid.ptb", name_index: 0 } }, value: U64(0) }, Spanned { span: Span { start: 3, end: 4, arg_idx: 1, file_scope: FileScope { file_command_index: 3, name: "tests/ptb_files/split_coins/split_coins_valid.ptb", name_index: 0 } }, value: U64(0) }] })
cmd: Assign(Spanned { span: Span { start: 0, end: 6, arg_idx: 0, file_scope: FileScope { file_command_index: 4, name: "tests/ptb_files/split_coins/split_coins_valid.ptb", name_index: 0 } }, value: "zcoins" }, None)
cmd: MoveCall(Spanned { span: Span { start: 0, end: 23, arg_idx: 0, file_scope: FileScope { file_command_index: 5, name: "tests/ptb_files/split_coins/split_coins_valid.ptb", name_index: 0 } }, value: ModuleAccess { address: Spanned { span: Span { start: 0, end: 3, arg_idx: 0, file_scope: FileScope { file_command_index: 5, name: "tests/ptb_files/split_coins/split_coins_valid.ptb", name_index: 0 } }, value: Named("sui") }, module_name: Spanned { span: Span { start: 5, end: 9, arg_idx: 0, file_scope: FileScope { file_command_index: 5, name: "tests/ptb_files/split_coins/split_coins_valid.ptb", name_index: 0 } }, value: Identifier("coin") }, function_name: Spanned { span: Span { start: 11, end: 23, arg_idx: 0, file_scope: FileScope { file_command_index: 5, name: "tests/ptb_files/split_coins/split_coins_valid.ptb", name_index: 0 } }, value: Identifier("destroy_zero") } } }, Some(Spanned { span: Span { start: 23, end: 38, arg_idx: 0, file_scope: FileScope { file_command_index: 5, name: "tests/ptb_files/split_coins/split_coins_valid.ptb", name_index: 0 } }, value: [Struct(ParsedStructType { fq_name: ParsedFqName { module: ParsedModuleId { address: Named("sui"), name: "sui" }, name: "SUI" }, type_args: [] })] }), [Spanned { span: Span { start: 0, end: 8, arg_idx: 1, file_scope: FileScope { file_command_index: 5, name: "tests/ptb_files/split_coins/split_coins_valid.ptb", name_index: 0 } }, value: VariableAccess(Spanned { span: Span { start: 0, end: 6, arg_idx: 1, file_scope: FileScope { file_command_index: 5, name: "tests/ptb_files/split_coins/split_coins_valid.ptb", name_index: 0 } }, value: "zcoins" }, [Spanned { span: Span { start: 7, end: 8, arg_idx: 1, file_scope: FileScope { file_command_index: 5, name: "tests/ptb_files/split_coins/split_coins_valid.ptb", name_index: 0 } }, value: "0" }]) }])
cmd: MoveCall(Spanned { span: Span { start: 0, end: 23, arg_idx: 0, file_scope: FileScope { file_command_index: 6, name: "tests/ptb_files/split_coins/split_coins_valid.ptb", name_index: 0 } }, value: ModuleAccess { address: Spanned { span: Span { start: 0, end: 3, arg_idx: 0, file_scope: FileScope { file_command_index: 6, name: "tests/ptb_files/split_coins/split_coins_valid.ptb", name_index: 0 } }, value: Named("sui") }, module_name: Spanned { span: Span { start: 5, end: 9, arg_idx: 0, file_scope: FileScope { file_command_index: 6, name: "tests/ptb_files/split_coins/split_coins_valid.ptb", name_index: 0 } }, value: Identifier("coin") }, function_name: Spanned { span: Span { start: 11, end: 23, arg_idx: 0, file_scope: FileScope { file_command_index: 6, name: "tests/ptb_files/split_coins/split_coins_valid.ptb", name_index: 0 } }, value: Identifier("destroy_zero") } } }, Some(Spanned { span: Span { start: 23, end: 38, arg_idx: 0, file_scope: FileScope { file_command_index: 6, name: "tests/ptb_files/split_coins/split_coins_valid.ptb", name_index: 0 } }, value: [Struct(ParsedStructType { fq_name: ParsedFqName { module: ParsedModuleId { address: Named("sui"), name: "sui" }, name: "SUI" }, type_args: [] })] }), [Spanned { span: Span { start: 0, end: 8, arg_idx: 1, file_scope: FileScope { file_command_index: 6, name: "tests/ptb_files/split_coins/split_coins_valid.ptb", name_index: 0 } }, value: VariableAccess(Spanned { span: Span { start: 0, end: 6, arg_idx: 1, file_scope: FileScope { file_command_index: 6, name: "tests/ptb_files/split_coins/split_coins_valid.ptb", name_index: 0 } }, value: "zcoins" }, [Spanned { span: Span { start: 7, end: 8, arg_idx: 1, file_scope: FileScope { file_command_index: 6, name: "tests/ptb_files/split_coins/split_coins_valid.ptb", name_index: 0 } }, value: "1" }]) }])
cmd: MergeCoins(Spanned { span: Span { start: 0, end: 3, arg_idx: 0, file_scope: FileScope { file_command_index: 7, name: "tests/ptb_files/split_coins/split_coins_valid.ptb", name_index: 0 } }, value: Gas }, Spanned { span: Span { start: 0, end: 27, arg_idx: 1, file_scope: FileScope { file_command_index: 7, name: "tests/ptb_files/split_coins/split_coins_valid.ptb", name_index: 0 } }, value: [Spanned { span: Span { start: 1, end: 8, arg_idx: 1, file_scope: FileScope { file_command_index: 7, name: "tests/ptb_files/split_coins/split_coins_valid.ptb", name_index: 0 } }, value: VariableAccess(Spanned { span: Span { start: 1, end: 6, arg_idx: 1, file_scope: FileScope { file_command_index: 7, name: "tests/ptb_files/split_coins/split_coins_valid.ptb", name_index: 0 } }, value: "coins" }, [Spanned { span: Span { start: 7, end: 8, arg_idx: 1, file_scope: FileScope { file_command_index: 7, name: "tests/ptb_files/split_coins/split_coins_valid.ptb", name_index: 0 } }, value: "1" }]) }, Spanned { span: Span { start: 10, end: 17, arg_idx: 1, file_scope: FileScope { file_command_index: 7, name: "tests/ptb_files/split_coins/split_coins_valid.ptb", name_index: 0 } }, value: VariableAccess(Spanned { span: Span { start: 10, end: 15, arg_idx: 1, file_scope: FileScope { file_command_index: 7, name: "tests/ptb_files/split_coins/split_coins_valid.ptb", name_index: 0 } }, value: "coins" }, [Spanned { span: Span { start: 16, end: 17, arg_idx: 1, file_scope: FileScope { file_command_index: 7, name: "tests/ptb_files/split_coins/split_coins_valid.ptb", name_index: 0 } }, value: "2" }]) }, Spanned { span: Span { start: 19, end: 26, arg_idx: 1, file_scope: FileScope { file_command_index: 7, name: "tests/ptb_files/split_coins/split_coins_valid.ptb", name_index: 0 } }, value: VariableAccess(Spanned { span: Span { start: 19, end: 24, arg_idx: 1, file_scope: FileScope { file_command_index: 7, name: "tests/ptb_files/split_coins/split_coins_valid.ptb", name_index: 0 } }, value: "coins" }, [Spanned { span: Span { start: 25, end: 26, arg_idx: 1, file_scope: FileScope { file_command_index: 7, name: "tests/ptb_files/split_coins/split_coins_valid.ptb", name_index: 0 } }, value: "3" }]) }] })
cmd: GasBudget(Spanned { span: Span { start: 0, end: 8, arg_idx: 0, file_scope: FileScope { file_command_index: 8, name: "tests/ptb_files/split_coins/split_coins_valid.ptb", name_index: 0 } }, value: 10000000 })
cmd: Preview(Spanned { span: Span { start: 0, end: 5, arg_idx: 0, file_scope: FileScope { file_command_index: 9, name: "tests/ptb_files/split_coins/split_coins_valid.ptb", name_index: 0 } }, value: Bool(false) })
cmd: WarnShadows(Spanned { span: Span { start: 0, end: 5, arg_idx: 0, file_scope: FileScope { file_command_index: 10, name: "tests/ptb_files/split_coins/split_coins_valid.ptb", name_index: 0 } }, value: Bool(false) })
cmd: Preview(Spanned { span: Span { start: 0, end: 4, arg_idx: 0, file_scope: FileScope { file_command_index: 1, name: "console", name_index: 0 } }, value: Bool(true) })
cmd: WarnShadows(Spanned { span: Span { start: 0, end: 5, arg_idx: 0, file_scope: FileScope { file_command_index: 2, name: "console", name_index: 0 } }, value: Bool(false) })
 === BUILT PTB === 
Input 0: Pure([0, 0, 0, 0, 0, 0, 0, 0])
Input 1: Pure([1, 0, 0, 0, 0, 0, 0, 0])
Input 2: Pure([2, 0, 0, 0, 0, 0, 0, 0])
Input 3: Pure([3, 0, 0, 0, 0, 0, 0, 0])
Command 0: SplitCoins(GasCoinInput(0),Input(1),Input(2),Input(3))
Command 1: MoveCall(0x0000000000000000000000000000000000000000000000000000000000000002::coin::destroy_zero<0x2::sui::SUI>(NestedResult(0,0)))
Command 2: SplitCoins(NestedResult(0,1)Input(0),Input(0))
Command 3: MoveCall(0x0000000000000000000000000000000000000000000000000000000000000002::coin::destroy_zero<0x2::sui::SUI>(NestedResult(2,0)))
Command 4: MoveCall(0x0000000000000000000000000000000000000000000000000000000000000002::coin::destroy_zero<0x2::sui::SUI>(NestedResult(2,1)))
Command 5: MergeCoins(GasCoin,NestedResult(0,1),NestedResult(0,2),NestedResult(0,3))
