---
source: crates/sui/tests/ptb_files_tests.rs
expression: "results.join(\"\\n\")"
---
 === PREVIEW === 
╭────────────────────────────────────────────────────────────────────────────╮
│ PTB Preview                                                                │
├────────────┬───────────────────────────────────────────────────┬───────────┤
│ command    │ from                                              │ value(s)  │
├────────────┼───────────────────────────────────────────────────┼───────────┤
│ assign     │ tests/ptb_files/resolution/keyword_resolution.ptb │ gas @0x1  │
│ assign     │ tests/ptb_files/resolution/keyword_resolution.ptb │ none @0x1 │
│ gas_budget │ tests/ptb_files/resolution/keyword_resolution.ptb │ 11        │
│ preview    │ console                                           │ true      │
╰────────────┴───────────────────────────────────────────────────┴───────────╯
 === PARSED INPUT COMMANDS === 
cmd: file-include-start, value: ["\"tests/ptb_files/resolution/keyword_resolution.ptb\""]
cmd: assign, value: ["gas", "@0x1"]
cmd: assign, value: ["none", "@0x1"]
cmd: gas_budget, value: ["11u64"]
cmd: preview, value: ["false"]
cmd: warn_shadows, value: ["false"]
cmd: file-include-end, value: ["\"tests/ptb_files/resolution/keyword_resolution.ptb\""]
cmd: preview, value: ["true"]
cmd: warn_shadows, value: ["false"]
 === BUILDING PTB ERRORS === 
  × Error at command 0 in PTB file 'tests/ptb_files/resolution/
  │ keyword_resolution.ptb'
   ╭────
 1 │ assign gas @0x1 
   ·        ─┬─
   ·         ╰── Expected identifier
   ╰────

  × Error at command 1 in PTB file 'tests/ptb_files/resolution/
  │ keyword_resolution.ptb'
   ╭────
 1 │ assign none @0x1 
   ·        ──┬─
   ·          ╰── Expected identifier
   ╰────

