---
source: crates/sui/tests/ptb_files_tests.rs
expression: "results.join(\"\\n\")"
---
 === PREVIEW === 
╭───────────────────────────────────────────────────────────────────────╮
│ PTB Preview                                                           │
├────────────┬──────────────────────────────────────────┬───────────────┤
│ command    │ from                                     │ value(s)      │
├────────────┼──────────────────────────────────────────┼───────────────┤
│ assign     │ tests/ptb_files/parsing/not_keywords.ptb │ gasa @0x1     │
│ assign     │ tests/ptb_files/parsing/not_keywords.ptb │ somea @0x1    │
│ assign     │ tests/ptb_files/parsing/not_keywords.ptb │ nonea @0x1    │
│ assign     │ tests/ptb_files/parsing/not_keywords.ptb │ vectora @0x1  │
│ assign     │ tests/ptb_files/parsing/not_keywords.ptb │ gas-a @0x1    │
│ assign     │ tests/ptb_files/parsing/not_keywords.ptb │ some-a @0x1   │
│ assign     │ tests/ptb_files/parsing/not_keywords.ptb │ none-a @0x1   │
│ assign     │ tests/ptb_files/parsing/not_keywords.ptb │ vector-a @0x1 │
│ gas_budget │ tests/ptb_files/parsing/not_keywords.ptb │ 11            │
│ preview    │ console                                  │ true          │
╰────────────┴──────────────────────────────────────────┴───────────────╯
 === PARSED INPUT COMMANDS === 
cmd: Assign(Spanned { span: Span { start: 0, end: 4, arg_idx: 0, file_scope: FileScope { file_command_index: 0, name: "tests/ptb_files/parsing/not_keywords.ptb", name_index: 0 } }, value: "gasa" }, Some(Spanned { span: Span { start: 1, end: 4, arg_idx: 1, file_scope: FileScope { file_command_index: 0, name: "tests/ptb_files/parsing/not_keywords.ptb", name_index: 0 } }, value: Address(0x1) }))
cmd: Assign(Spanned { span: Span { start: 0, end: 5, arg_idx: 0, file_scope: FileScope { file_command_index: 1, name: "tests/ptb_files/parsing/not_keywords.ptb", name_index: 0 } }, value: "somea" }, Some(Spanned { span: Span { start: 1, end: 4, arg_idx: 1, file_scope: FileScope { file_command_index: 1, name: "tests/ptb_files/parsing/not_keywords.ptb", name_index: 0 } }, value: Address(0x1) }))
cmd: Assign(Spanned { span: Span { start: 0, end: 5, arg_idx: 0, file_scope: FileScope { file_command_index: 2, name: "tests/ptb_files/parsing/not_keywords.ptb", name_index: 0 } }, value: "nonea" }, Some(Spanned { span: Span { start: 1, end: 4, arg_idx: 1, file_scope: FileScope { file_command_index: 2, name: "tests/ptb_files/parsing/not_keywords.ptb", name_index: 0 } }, value: Address(0x1) }))
cmd: Assign(Spanned { span: Span { start: 0, end: 7, arg_idx: 0, file_scope: FileScope { file_command_index: 3, name: "tests/ptb_files/parsing/not_keywords.ptb", name_index: 0 } }, value: "vectora" }, Some(Spanned { span: Span { start: 1, end: 4, arg_idx: 1, file_scope: FileScope { file_command_index: 3, name: "tests/ptb_files/parsing/not_keywords.ptb", name_index: 0 } }, value: Address(0x1) }))
cmd: Assign(Spanned { span: Span { start: 0, end: 5, arg_idx: 0, file_scope: FileScope { file_command_index: 4, name: "tests/ptb_files/parsing/not_keywords.ptb", name_index: 0 } }, value: "gas-a" }, Some(Spanned { span: Span { start: 1, end: 4, arg_idx: 1, file_scope: FileScope { file_command_index: 4, name: "tests/ptb_files/parsing/not_keywords.ptb", name_index: 0 } }, value: Address(0x1) }))
cmd: Assign(Spanned { span: Span { start: 0, end: 6, arg_idx: 0, file_scope: FileScope { file_command_index: 5, name: "tests/ptb_files/parsing/not_keywords.ptb", name_index: 0 } }, value: "some-a" }, Some(Spanned { span: Span { start: 1, end: 4, arg_idx: 1, file_scope: FileScope { file_command_index: 5, name: "tests/ptb_files/parsing/not_keywords.ptb", name_index: 0 } }, value: Address(0x1) }))
cmd: Assign(Spanned { span: Span { start: 0, end: 6, arg_idx: 0, file_scope: FileScope { file_command_index: 6, name: "tests/ptb_files/parsing/not_keywords.ptb", name_index: 0 } }, value: "none-a" }, Some(Spanned { span: Span { start: 1, end: 4, arg_idx: 1, file_scope: FileScope { file_command_index: 6, name: "tests/ptb_files/parsing/not_keywords.ptb", name_index: 0 } }, value: Address(0x1) }))
cmd: Assign(Spanned { span: Span { start: 0, end: 8, arg_idx: 0, file_scope: FileScope { file_command_index: 7, name: "tests/ptb_files/parsing/not_keywords.ptb", name_index: 0 } }, value: "vector-a" }, Some(Spanned { span: Span { start: 1, end: 4, arg_idx: 1, file_scope: FileScope { file_command_index: 7, name: "tests/ptb_files/parsing/not_keywords.ptb", name_index: 0 } }, value: Address(0x1) }))
cmd: GasBudget(Spanned { span: Span { start: 0, end: 2, arg_idx: 0, file_scope: FileScope { file_command_index: 8, name: "tests/ptb_files/parsing/not_keywords.ptb", name_index: 0 } }, value: 11 })
cmd: Preview(Spanned { span: Span { start: 0, end: 5, arg_idx: 0, file_scope: FileScope { file_command_index: 9, name: "tests/ptb_files/parsing/not_keywords.ptb", name_index: 0 } }, value: Bool(false) })
cmd: WarnShadows(Spanned { span: Span { start: 0, end: 5, arg_idx: 0, file_scope: FileScope { file_command_index: 10, name: "tests/ptb_files/parsing/not_keywords.ptb", name_index: 0 } }, value: Bool(false) })
cmd: Preview(Spanned { span: Span { start: 0, end: 4, arg_idx: 0, file_scope: FileScope { file_command_index: 1, name: "console", name_index: 0 } }, value: Bool(true) })
cmd: WarnShadows(Spanned { span: Span { start: 0, end: 5, arg_idx: 0, file_scope: FileScope { file_command_index: 2, name: "console", name_index: 0 } }, value: Bool(false) })
 === BUILT PTB === 
