---
source: crates/sui/tests/ptb_files_tests.rs
expression: "results.join(\"\\n\")"
---
 === PREVIEW === 
╭───────────────────────────────────────────────────────────────────────────╮
│ PTB Preview                                                               │
├────────────┬───────────────────────────────────────────────────┬──────────┤
│ command    │ from                                              │ value(s) │
├────────────┼───────────────────────────────────────────────────┼──────────┤
│ gas_budget │ tests/ptb_files/publish/publish_not_a_package.ptb │ 1000     │
│ preview    │ console                                           │ true     │
╰────────────┴───────────────────────────────────────────────────┴──────────╯
 === PARSED INPUT COMMANDS === 
cmd: GasBudget(Spanned { span: Span { start: 0, end: 4, arg_idx: 0, file_scope: FileScope { file_command_index: 0, name: "tests/ptb_files/publish/publish_not_a_package.ptb", name_index: 0 } }, value: 1000 })
cmd: Preview(Spanned { span: Span { start: 0, end: 4, arg_idx: 0, file_scope: FileScope { file_command_index: 1, name: "console", name_index: 0 } }, value: Bool(true) })
 === BUILT PTB === 
