---
source: crates/sui/tests/ptb_files_tests.rs
expression: "results.join(\"\\n\")"
---
 === PREVIEW === 
╭───────────────────────────────────────────────────────────────────╮
│ PTB Preview                                                       │
├────────────┬───────────────────────────────────────────┬──────────┤
│ command    │ from                                      │ value(s) │
├────────────┼───────────────────────────────────────────┼──────────┤
│ assign     │ tests/ptb_files/parsing/quote_escapes.ptb │ bar '('  │
│ assign     │ tests/ptb_files/parsing/quote_escapes.ptb │ bar '('  │
│ assign     │ tests/ptb_files/parsing/quote_escapes.ptb │ bar '('  │
│ assign     │ tests/ptb_files/parsing/quote_escapes.ptb │ bar ')'  │
│ assign     │ tests/ptb_files/parsing/quote_escapes.ptb │ bar ')'  │
│ assign     │ tests/ptb_files/parsing/quote_escapes.ptb │ bar ')'  │
│ assign     │ tests/ptb_files/parsing/quote_escapes.ptb │ bar '['  │
│ assign     │ tests/ptb_files/parsing/quote_escapes.ptb │ bar '['  │
│ assign     │ tests/ptb_files/parsing/quote_escapes.ptb │ bar '['  │
│ assign     │ tests/ptb_files/parsing/quote_escapes.ptb │ bar ']'  │
│ assign     │ tests/ptb_files/parsing/quote_escapes.ptb │ bar ']'  │
│ assign     │ tests/ptb_files/parsing/quote_escapes.ptb │ bar ']'  │
│ gas_budget │ tests/ptb_files/parsing/quote_escapes.ptb │ 11       │
│ preview    │ console                                   │ true     │
╰────────────┴───────────────────────────────────────────┴──────────╯
 === PARSED INPUT COMMANDS === 
cmd: Assign(Spanned { span: Span { start: 0, end: 3, arg_idx: 0, file_scope: FileScope { file_command_index: 0, name: "tests/ptb_files/parsing/quote_escapes.ptb", name_index: 0 } }, value: "bar" }, Some(Spanned { span: Span { start: 0, end: 3, arg_idx: 1, file_scope: FileScope { file_command_index: 0, name: "tests/ptb_files/parsing/quote_escapes.ptb", name_index: 0 } }, value: String("'('") }))
cmd: Assign(Spanned { span: Span { start: 0, end: 3, arg_idx: 0, file_scope: FileScope { file_command_index: 1, name: "tests/ptb_files/parsing/quote_escapes.ptb", name_index: 0 } }, value: "bar" }, Some(Spanned { span: Span { start: 0, end: 3, arg_idx: 1, file_scope: FileScope { file_command_index: 1, name: "tests/ptb_files/parsing/quote_escapes.ptb", name_index: 0 } }, value: String("'('") }))
cmd: Assign(Spanned { span: Span { start: 0, end: 3, arg_idx: 0, file_scope: FileScope { file_command_index: 2, name: "tests/ptb_files/parsing/quote_escapes.ptb", name_index: 0 } }, value: "bar" }, Some(Spanned { span: Span { start: 0, end: 3, arg_idx: 1, file_scope: FileScope { file_command_index: 2, name: "tests/ptb_files/parsing/quote_escapes.ptb", name_index: 0 } }, value: String("'('") }))
cmd: Assign(Spanned { span: Span { start: 0, end: 3, arg_idx: 0, file_scope: FileScope { file_command_index: 3, name: "tests/ptb_files/parsing/quote_escapes.ptb", name_index: 0 } }, value: "bar" }, Some(Spanned { span: Span { start: 0, end: 3, arg_idx: 1, file_scope: FileScope { file_command_index: 3, name: "tests/ptb_files/parsing/quote_escapes.ptb", name_index: 0 } }, value: String("')'") }))
cmd: Assign(Spanned { span: Span { start: 0, end: 3, arg_idx: 0, file_scope: FileScope { file_command_index: 4, name: "tests/ptb_files/parsing/quote_escapes.ptb", name_index: 0 } }, value: "bar" }, Some(Spanned { span: Span { start: 0, end: 3, arg_idx: 1, file_scope: FileScope { file_command_index: 4, name: "tests/ptb_files/parsing/quote_escapes.ptb", name_index: 0 } }, value: String("')'") }))
cmd: Assign(Spanned { span: Span { start: 0, end: 3, arg_idx: 0, file_scope: FileScope { file_command_index: 5, name: "tests/ptb_files/parsing/quote_escapes.ptb", name_index: 0 } }, value: "bar" }, Some(Spanned { span: Span { start: 0, end: 3, arg_idx: 1, file_scope: FileScope { file_command_index: 5, name: "tests/ptb_files/parsing/quote_escapes.ptb", name_index: 0 } }, value: String("')'") }))
cmd: Assign(Spanned { span: Span { start: 0, end: 3, arg_idx: 0, file_scope: FileScope { file_command_index: 6, name: "tests/ptb_files/parsing/quote_escapes.ptb", name_index: 0 } }, value: "bar" }, Some(Spanned { span: Span { start: 0, end: 3, arg_idx: 1, file_scope: FileScope { file_command_index: 6, name: "tests/ptb_files/parsing/quote_escapes.ptb", name_index: 0 } }, value: String("'['") }))
cmd: Assign(Spanned { span: Span { start: 0, end: 3, arg_idx: 0, file_scope: FileScope { file_command_index: 7, name: "tests/ptb_files/parsing/quote_escapes.ptb", name_index: 0 } }, value: "bar" }, Some(Spanned { span: Span { start: 0, end: 3, arg_idx: 1, file_scope: FileScope { file_command_index: 7, name: "tests/ptb_files/parsing/quote_escapes.ptb", name_index: 0 } }, value: String("'['") }))
cmd: Assign(Spanned { span: Span { start: 0, end: 3, arg_idx: 0, file_scope: FileScope { file_command_index: 8, name: "tests/ptb_files/parsing/quote_escapes.ptb", name_index: 0 } }, value: "bar" }, Some(Spanned { span: Span { start: 0, end: 3, arg_idx: 1, file_scope: FileScope { file_command_index: 8, name: "tests/ptb_files/parsing/quote_escapes.ptb", name_index: 0 } }, value: String("'['") }))
cmd: Assign(Spanned { span: Span { start: 0, end: 3, arg_idx: 0, file_scope: FileScope { file_command_index: 9, name: "tests/ptb_files/parsing/quote_escapes.ptb", name_index: 0 } }, value: "bar" }, Some(Spanned { span: Span { start: 0, end: 3, arg_idx: 1, file_scope: FileScope { file_command_index: 9, name: "tests/ptb_files/parsing/quote_escapes.ptb", name_index: 0 } }, value: String("']'") }))
cmd: Assign(Spanned { span: Span { start: 0, end: 3, arg_idx: 0, file_scope: FileScope { file_command_index: 10, name: "tests/ptb_files/parsing/quote_escapes.ptb", name_index: 0 } }, value: "bar" }, Some(Spanned { span: Span { start: 0, end: 3, arg_idx: 1, file_scope: FileScope { file_command_index: 10, name: "tests/ptb_files/parsing/quote_escapes.ptb", name_index: 0 } }, value: String("']'") }))
cmd: Assign(Spanned { span: Span { start: 0, end: 3, arg_idx: 0, file_scope: FileScope { file_command_index: 11, name: "tests/ptb_files/parsing/quote_escapes.ptb", name_index: 0 } }, value: "bar" }, Some(Spanned { span: Span { start: 0, end: 3, arg_idx: 1, file_scope: FileScope { file_command_index: 11, name: "tests/ptb_files/parsing/quote_escapes.ptb", name_index: 0 } }, value: String("']'") }))
cmd: GasBudget(Spanned { span: Span { start: 0, end: 2, arg_idx: 0, file_scope: FileScope { file_command_index: 12, name: "tests/ptb_files/parsing/quote_escapes.ptb", name_index: 0 } }, value: 11 })
cmd: Preview(Spanned { span: Span { start: 0, end: 4, arg_idx: 0, file_scope: FileScope { file_command_index: 1, name: "console", name_index: 0 } }, value: Bool(true) })
 === BUILT PTB === 
