---
source: crates/sui-cost/tests/empirical_transaction_cost.rs
expression: common_costs_actual
---
{
  "MergeCoin": {
<<<<<<< HEAD
    "computation_cost": 2515,
    "storage_cost": 30,
    "storage_rebate": 0
  },
  "Publish": {
    "computation_cost": 2551,
    "storage_cost": 82,
    "storage_rebate": 0
  },
  "SharedCounterAssertValue": {
    "computation_cost": 2197,
    "storage_cost": 30,
    "storage_rebate": 15
  },
  "SharedCounterCreate": {
    "computation_cost": 2088,
    "storage_cost": 30,
    "storage_rebate": 0
  },
  "SharedCounterIncrement": {
    "computation_cost": 2197,
    "storage_cost": 30,
    "storage_rebate": 15
  },
  "SplitCoin": {
    "computation_cost": 2525,
    "storage_cost": 75,
=======
    "computation_cost": 634,
    "storage_cost": 32,
    "storage_rebate": 0
  },
  "Publish": {
    "computation_cost": 691,
    "storage_cost": 83,
    "storage_rebate": 0
  },
  "SharedCounterAssertValue": {
    "computation_cost": 198,
    "storage_cost": 31,
    "storage_rebate": 15
  },
  "SharedCounterCreate": {
    "computation_cost": 109,
    "storage_cost": 31,
    "storage_rebate": 0
  },
  "SharedCounterIncrement": {
    "computation_cost": 198,
    "storage_cost": 31,
    "storage_rebate": 15
  },
  "SplitCoin": {
    "computation_cost": 762,
    "storage_cost": 80,
>>>>>>> f471bed71 (revert flat vm fee (#5458))
    "storage_rebate": 0
  },
  "TransferPortionSuiCoin": {
    "computation_cost": 45,
    "storage_cost": 45,
    "storage_rebate": 0
  },
  "TransferWholeCoin": {
    "computation_cost": 41,
    "storage_cost": 30,
    "storage_rebate": 0
  },
  "TransferWholeSuiCoin": {
    "computation_cost": 38,
    "storage_cost": 30,
    "storage_rebate": 0
  }
}
