---
source: crates/sui-cost/tests/empirical_transaction_cost.rs
expression: common_costs_estimate
---
{
  "MergeCoin": {
<<<<<<< HEAD
    "computation_cost": 6289,
    "storage_cost": 6324,
    "storage_rebate": 0
  },
  "Publish": {
    "computation_cost": 6279,
    "storage_cost": 6260,
    "storage_rebate": 0
  },
  "SharedCounterAssertValue": {
    "computation_cost": 2682,
    "storage_cost": 832,
    "storage_rebate": 0
  },
  "SharedCounterCreate": {
    "computation_cost": 2561,
    "storage_cost": 801,
    "storage_rebate": 0
  },
  "SharedCounterIncrement": {
    "computation_cost": 2682,
    "storage_cost": 832,
    "storage_rebate": 0
  },
  "SplitCoin": {
    "computation_cost": 6268,
    "storage_cost": 6292,
=======
    "computation_cost": 5239,
    "storage_cost": 7731,
    "storage_rebate": 0
  },
  "Publish": {
    "computation_cost": 5228,
    "storage_cost": 7666,
    "storage_rebate": 0
  },
  "SharedCounterAssertValue": {
    "computation_cost": 683,
    "storage_cost": 833,
    "storage_rebate": 0
  },
  "SharedCounterCreate": {
    "computation_cost": 562,
    "storage_cost": 802,
    "storage_rebate": 0
  },
  "SharedCounterIncrement": {
    "computation_cost": 683,
    "storage_cost": 833,
    "storage_rebate": 0
  },
  "SplitCoin": {
    "computation_cost": 5217,
    "storage_cost": 7699,
>>>>>>> f471bed71 (revert flat vm fee (#5458))
    "storage_rebate": 0
  },
  "TransferPortionSuiCoin": {
    "computation_cost": 55,
    "storage_cost": 51,
    "storage_rebate": 0
  },
  "TransferWholeCoin": {
    "computation_cost": 77,
    "storage_cost": 83,
    "storage_rebate": 0
  },
  "TransferWholeSuiCoin": {
    "computation_cost": 55,
    "storage_cost": 51,
    "storage_rebate": 0
  }
}
